0 verbose cli /opt/homebrew/Cellar/node/23.11.0/bin/node /opt/homebrew/bin/npm
1 info using npm@10.9.2
2 info using node@v23.11.0
3 silly config load:file:/opt/homebrew/lib/node_modules/npm/npmrc
4 silly config load:file:/Users/vishwajeet/AI_Collections_Agent_Sarvam_V1/frontend-react/.npmrc
5 silly config load:file:/Users/vishwajeet/.npmrc
6 silly config load:file:/Users/vishwajeet/AI_Collections_Agent_Sarvam_V1/frontend-react/etc/npmrc
7 verbose title npm install
8 verbose argv "--prefix" "frontend-react" "install" "--no-audit" "--no-fund" "--cache" "frontend-react/.npm-cache"
9 verbose logfile logs-max:10 dir:/Users/vishwajeet/AI_Collections_Agent_Sarvam_V1/frontend-react/.npm-cache/_logs/2026-02-11T14_02_33_859Z-
10 verbose logfile /Users/vishwajeet/AI_Collections_Agent_Sarvam_V1/frontend-react/.npm-cache/_logs/2026-02-11T14_02_33_859Z-debug-0.log
11 silly logfile done cleaning log files
12 silly packumentCache heap:2197815296 maxSize:549453824 maxEntrySize:274726912
13 http fetch GET https://registry.npmjs.org/npm attempt 1 failed with ENOTFOUND
14 silly idealTree buildDeps
15 silly fetch manifest lucide-react@^0.469.0
16 silly packumentCache full:https://registry.npmjs.org/lucide-react cache-miss
17 http fetch GET https://registry.npmjs.org/lucide-react attempt 1 failed with ENOTFOUND
18 http fetch GET https://registry.npmjs.org/npm attempt 2 failed with ENOTFOUND
19 http fetch GET https://registry.npmjs.org/lucide-react attempt 2 failed with ENOTFOUND
20 http fetch GET https://registry.npmjs.org/npm attempt 3 failed with ENOTFOUND
21 http fetch GET https://registry.npmjs.org/lucide-react attempt 3 failed with ENOTFOUND
22 silly fetch manifest recharts@^2.15.1
23 silly packumentCache full:https://registry.npmjs.org/recharts cache-miss
24 http fetch GET https://registry.npmjs.org/recharts attempt 1 failed with ENOTFOUND
25 http fetch GET https://registry.npmjs.org/recharts attempt 2 failed with ENOTFOUND
